DEBUG 17532 10-05-2022 13:15:00 - Ich werde im log eingetragen
INFO 17532 10-05-2022 13:15:00 - Die Funktion say_hello wurde aufgerufen
CRITICAL 17532 10-05-2022 13:15:00 - Kritischer Fehler festgestellt
WARNING 17532 10-05-2022 13:15:00 - warning
ERROR 17532 10-05-2022 13:15:00 - Fehler
